../Core/Src/main.c:113:6:LED_TX_On	8	static
../Core/Src/main.c:123:6:LED_RX_On	8	static
../Core/Src/main.c:133:6:LED_Update	16	static
../Core/Src/main.c:156:9:UART_Receive_Byte	16	static
../Core/Src/main.c:170:6:ADC_Read_All_Channels	32	static
../Core/Src/main.c:220:6:Button_Debounce_Update	16	static
../Core/Src/main.c:265:6:Float_To_Registers	32	static
../Core/Src/main.c:281:6:Update_Holding_Registers	8	static
../Core/Src/main.c:298:10:Calculate_CRC16	24	static
../Core/Src/main.c:328:6:Modbus_Process_Request	32	static
../Core/Src/main.c:424:5:main	16	static
../Core/Src/main.c:523:6:SystemClock_Config	88	static
../Core/Src/main.c:569:13:MX_ADC1_Init	24	static
../Core/Src/main.c:630:13:MX_UART4_Init	8	static
../Core/Src/main.c:663:13:MX_GPIO_Init	48	static
../Core/Src/main.c:714:6:Error_Handler	4	static,ignoring_inline_asm
